// Jest Snapshot v1, https://goo.gl/fbAQLP

exports[`ecl-page-banner renders 1`] = `
<ecl-page-banner banner-title="EU Budget for the future" credit="Â© Copyright or credit" cta-label="Subscribe" cta-link="/example.html" image="https://inno-ecl.s3.amazonaws.com/media/examples/example-image.jpg" theme="ec" variant="primary">
  <!---->
  <section class="ecl-page-banner ecl-page-banner--centered ecl-page-banner--primary">
    <div class="ecl-container">
      <div class="ecl-page-banner__container">
        <div class="ecl-page-banner__content">
          <div class="ecl-page-banner__title">
            EU Budget for the future
          </div>
          <p class="ecl-page-banner__description">
            <span class="ecl-page-banner__description-text">
              Innovation, economy, environment and geopolitics
            </span>
          </p>
          <div class="ecl-page-banner__cta">
            <ecl-link style-class="ecl-page-banner__link-cta sc-ecl-page-banner-ec">
              <!---->
              <a class="ecl-link ecl-link--cta ecl-link--icon ecl-link--icon-after ecl-page-banner__link-cta sc-ecl-page-banner-ec" href="/example.html">
                Subscribe
                <slot-fb hidden="" name="icon-after"></slot-fb>
                <ecl-icon slot="icon-after">
                  <svg class="ecl-icon ecl-icon--rotate-90 ecl-icon--xs ecl-link__icon ecl-link__icon--after">
                    <use xlink:href="/build/images/ec/icons.svg#corner-arrow"></use>
                  </svg>
                </ecl-icon>
              </a>
            </ecl-link>
          </div>
        </div>
      </div>
    </div>
  </section>
</ecl-page-banner>
`;
