// Jest Snapshot v1, https://goo.gl/fbAQLP

exports[`ecl-breadcrumb renders with ellipsis and current page 1`] = `
<ecl-breadcrumb ecl-script="true" ellipsis-label="Expand breadcrumb" min-items-left="1" min-items-right="2" navigation-text="Breadcrumb">
  <!---->
  <nav aria-label="Breadcrumb" class="ecl-breadcrumb">
    <ol class="ecl-breadcrumb__container">
      <ecl-breadcrumb-item data-ecl-breadcrumb-item="static" path="/example.html">
        <!---->
        <li class="ecl-breadcrumb__segment sc-ecl-breadcrumb-ec">
          <ecl-link path="/example.html" style-class="ecl-link sc-ecl-link-ec sc-ecl-breadcrumb-ec ecl-link--standalone ecl-link--no-visited ecl-breadcrumb__link" variant="standalone">
            Home
          </ecl-link>
          <ecl-icon icon="corner-arrow" role="presentation" size="fluid" slot="icon-after" style-class="ecl-breadcrumb__icon sc-ecl-breadcrumb-ec" transform="rotate-90"></ecl-icon>
        </li>
      </ecl-breadcrumb-item>
      <ecl-breadcrumb-item button-aria-label="Expand breadcrumb" ellipsis="true">
        <!---->
        <li aria-hidden="true" class="ecl-breadcrumb__segment ecl-breadcrumb__segment--ellipsis sc-ecl-breadcrumb-ec" data-ecl-breadcrumb-ellipsis>
          <ecl-button aria-label="Expand breadcrumb" data-ecl-breadcrumb-ellipsis-button style-class="ecl-breadcrumb__ellipsis sc-ecl-breadcrumb-ec" variant="ghost">
            ...
          </ecl-button>
          <ecl-icon icon="corner-arrow" role="presentation" size="fluid" slot="icon-after" style-class="ecl-breadcrumb__icon sc-ecl-breadcrumb-ec" transform="rotate-90"></ecl-icon>
        </li>
      </ecl-breadcrumb-item>
      <ecl-breadcrumb-item aria-hidden="false" data-ecl-breadcrumb-item="expandable" path="/example.html">
        <!---->
        <li class="ecl-breadcrumb__segment sc-ecl-breadcrumb-ec">
          <ecl-link path="/example.html" style-class="ecl-link sc-ecl-link-ec sc-ecl-breadcrumb-ec ecl-link--standalone ecl-link--no-visited ecl-breadcrumb__link" variant="standalone">
            About the European Commission
          </ecl-link>
          <ecl-icon icon="corner-arrow" role="presentation" size="fluid" slot="icon-after" style-class="ecl-breadcrumb__icon sc-ecl-breadcrumb-ec" transform="rotate-90"></ecl-icon>
        </li>
      </ecl-breadcrumb-item>
      <ecl-breadcrumb-item aria-hidden="false" data-ecl-breadcrumb-item="expandable" path="/example.html">
        <!---->
        <li class="ecl-breadcrumb__segment sc-ecl-breadcrumb-ec">
          <ecl-link path="/example.html" style-class="ecl-link sc-ecl-link-ec sc-ecl-breadcrumb-ec ecl-link--standalone ecl-link--no-visited ecl-breadcrumb__link" variant="standalone">
            Organisational structure
          </ecl-link>
          <ecl-icon icon="corner-arrow" role="presentation" size="fluid" slot="icon-after" style-class="ecl-breadcrumb__icon sc-ecl-breadcrumb-ec" transform="rotate-90"></ecl-icon>
        </li>
      </ecl-breadcrumb-item>
      <ecl-breadcrumb-item data-ecl-breadcrumb-item="static" path="/example.html">
        <!---->
        <li class="ecl-breadcrumb__segment sc-ecl-breadcrumb-ec">
          <ecl-link path="/example.html" style-class="ecl-link sc-ecl-link-ec sc-ecl-breadcrumb-ec ecl-link--standalone ecl-link--no-visited ecl-breadcrumb__link" variant="standalone">
            How the Commission is organised
          </ecl-link>
          <ecl-icon icon="corner-arrow" role="presentation" size="fluid" slot="icon-after" style-class="ecl-breadcrumb__icon sc-ecl-breadcrumb-ec" transform="rotate-90"></ecl-icon>
        </li>
      </ecl-breadcrumb-item>
      <ecl-breadcrumb-item current-page="" data-ecl-breadcrumb-item="static">
        <!---->
        <li aria-current="page" class="ecl-breadcrumb__current-page ecl-breadcrumb__segment sc-ecl-breadcrumb-ec">
          News
        </li>
      </ecl-breadcrumb-item>
    </ol>
  </nav>
</ecl-breadcrumb>
`;
