// Jest Snapshot v1, https://goo.gl/fbAQLP

exports[`ecl-file renders 1`] = `
<ecl-file detail-meta="[&quot;Resource type&quot;, &quot;Publication date&quot;]" download-label="Download" download-link="/example.html" ecl-script="" file-title="State of the Union 2018 brochure" language="English" meta="(16.2 MB - PDF)" taxonomies="[&quot;Taxonomy item 1&quot;,{&quot;label&quot;: &quot;Taxonomy item 2&quot;, &quot;path&quot;: &quot;/example.html&quot;},&quot;Taxonomy item 3&quot;]" taxonomies-label="Taxonomy list" theme="ec" variant="default">
  <!---->
  <ecl-file-translations hidden="" others="" theme="ec" toggle-label="Other languages" translations-total="3">
    <!---->
    <div class="ecl-file__translation-container sc-ecl-file-ec" data-ecl-file-translation-container>
      <ecl-button data-ecl-file-translation-toggle styleclass="ecl-file__translation-toggle sc-ecl-file-ec" theme="ec" type="ghost">
        Other languages (3)
        <ecl-icon icon="corener-arrow" size="fluid" styleclass="ecl-button__icon ecl-button__icon--after" transform="rotate-180"></ecl-icon>
      </ecl-button>
      <ul class="ecl-file__translation-list sc-ecl-file-ec">
        <li class="ecl-file__translation-item sc-ecl-file-ec">
          <div class="ecl-file__translation-info sc-ecl-file-ec">
            <div class="ecl-file__translation-title sc-ecl-file-ec" lang="bg">
              български
            </div>
            <div class="ecl-file__translation-meta sc-ecl-file-ec">
              (15.7 MB - PDF)
            </div>
          </div>
          <ecl-link path="/example.html" styleclass="ecl-file__translation-download sc-ecl-file-ec" theme="ec" variant="standalone">
            Download
            <ecl-icon icon="download" size="fluid" slot="icon-after" theme="ec"></ecl-icon>
          </ecl-link>
        </li>
        <li class="ecl-file__translation-item sc-ecl-file-ec">
          <div class="ecl-file__translation-info sc-ecl-file-ec">
            <div class="ecl-file__translation-title sc-ecl-file-ec" lang="es">
              español
            </div>
            <div class="ecl-file__translation-meta sc-ecl-file-ec">
              (15.98 MB - PDF)
            </div>
          </div>
          <ecl-link path="/example.html" styleclass="ecl-file__translation-download sc-ecl-file-ec" theme="ec" variant="standalone">
            Download
            <ecl-icon icon="download" size="fluid" slot="icon-after" theme="ec"></ecl-icon>
          </ecl-link>
        </li>
        <li class="ecl-file__translation-item sc-ecl-file-ec">
          <div class="ecl-file__translation-info sc-ecl-file-ec">
            <div class="ecl-file__translation-title sc-ecl-file-ec" lang="fr">
              français
            </div>
            <div class="ecl-file__translation-meta sc-ecl-file-ec">
              (15.98 MB - PDF)
            </div>
          </div>
          <ecl-link path="/example.html" styleclass="ecl-file__translation-download sc-ecl-file-ec" theme="ec" variant="standalone">
            Download
            <ecl-icon icon="download" size="fluid" slot="icon-after" theme="ec"></ecl-icon>
          </ecl-link>
        </li>
        <li class="ecl-file__translation-description ecl-file__translation-item sc-ecl-file-ec">
          <p slot="others">
            Looking for another language which is not on the list?
            <a class="ecl-link" href="/example.html">
              Find out why
            </a>
            .
          </p>
        </li>
      </ul>
    </div>
  </ecl-file-translations>
  <div class="ecl-file ecl-file--default" data-ecl-file>
    <div class="ecl-file__container">
      <ecl-icon icon="file" size="2xl" styleclass="ecl-file__icon sc-ecl-file-ec" theme="ec"></ecl-icon>
      <div class="ecl-file__taxonomy">
        <ecl-description-list theme="ec" variant="horizontal">
          <ecl-description-list-term style-class="sc-ecl-file-ec" theme="ec">
            Taxonomy list
          </ecl-description-list-term>
          <ecl-description-list-definition items="[&quot;Taxonomy item 1&quot;,{&quot;label&quot;: &quot;Taxonomy item 2&quot;, &quot;path&quot;: &quot;/example.html&quot;},&quot;Taxonomy item 3&quot;]" style-class="sc-ecl-file-ec" theme="ec" type="taxonomy"></ecl-description-list-definition>
        </ecl-description-list>
      </div>
      <div class="ecl-file__info">
        <div class="ecl-file__detail-meta">
          <span class="ecl-file__detail-meta-item">
            Resource type
          </span>
          <span class="ecl-file__detail-meta-item">
            Publication date
          </span>
        </div>
        <div class="ecl-file__title">
          State of the Union 2018 brochure
        </div>
        <div class="ecl-file__language">
          English
        </div>
        <div class="ecl-file__meta">
          (16.2 MB - PDF)
        </div>
      </div>
      <ecl-link path="/example.html" variant="standalone">
        Download
        <ecl-icon icon="download" size="fluid" slot="icon-after" theme="ec"></ecl-icon>
      </ecl-link>
    </div>
  </div>
</ecl-file>
`;
