// Jest Snapshot v1, https://goo.gl/fbAQLP

exports[`ecl-label renders 1`] = `
<ecl-label theme="ec" variant="low">
  <!---->
  <span class="ecl-label ecl-label--low">
    Label
  </span>
</ecl-label>
`;
