// Jest Snapshot v1, https://goo.gl/fbAQLP

exports[`ecl-textarea renders 1`] = `
<ecl-form-group helper-id="helper-id" helper-text="Helper text" label="Select input field">
  <!---->
  <div aria-describedby="helper-id" class="ecl-form-group">
    <label class="ecl-form-label">
      Select input field
    </label>
    <div class="ecl-help-block">
      Helper text
    </div>
    <ecl-textarea name="ecl-textarea" required="" width="l">
      <!----><textarea class="ecl-text-area ecl-text-area--l" name="ecl-textarea" required="" rows="4">
        </textarea>
    </ecl-textarea>
  </div>
</ecl-form-group>
`;
