// Jest Snapshot v1, https://goo.gl/fbAQLP

exports[`ecl-grid renders 1`] = `
<ecl-grid class="ecl-col-6" columns="6">
  <!---->
  Content in 6 columns
</ecl-grid>
`;
