// Jest Snapshot v1, https://goo.gl/fbAQLP

exports[`ecl-category-filter renders 1`] = `
<ecl-category-filter ecl-script="" theme="ec">
  <!---->
  <nav class="ecl-category-filter" data-ecl-category-filter>
    <ul class="ecl-category-filter__list">
      <ecl-category-filter-item label="Item 1 label" level="1" path="/example">
        <!---->
        <li class="ecl-category-filter__list-item sc-ecl-category-filter-ec">
          <ecl-link path="/example" style-class="ecl-category-filter__item sc-ecl-category-filter-ec ecl-category-filter__item--level-1 ">
            Item 1 label
          </ecl-link>
        </li>
      </ecl-category-filter-item>
      <ecl-category-filter-item label="Item 2 label" level="1" path="/example" sub-items="">
        <!---->
        <li aria-expanded="false" class="ecl-category-filter__list-item sc-ecl-category-filter-ec">
          <ecl-link path="/example" style-class="ecl-category-filter__item sc-ecl-category-filter-ec ecl-category-filter__item--level-1  ecl-category-filter__item--has-children">
            Item 2 label
            <ecl-icon icon="corner-arrow" size="xs" slot="icon-after" style-class="ecl-category-filter__item-icon sc-ecl-category-filter-ec" transform="rotate-180"></ecl-icon>
          </ecl-link>
          <ul class="ecl-category-filter__list sc-ecl-category-filter-ec">
            <ecl-category-filter-item label="Item 2.1" level="2" path="/example" sub-items="">
              <!---->
              <li aria-expanded="false" class="ecl-category-filter__list-item sc-ecl-category-filter-ec">
                <ecl-link path="/example" style-class="ecl-category-filter__item sc-ecl-category-filter-ec ecl-category-filter__item--level-2  ecl-category-filter__item--has-children">
                  Item 2.1
                  <ecl-icon icon="solid-arrow" size="m" slot="icon-before" style-class="ecl-category-filter__item-icon sc-ecl-category-filter-ec" transform="rotate-90"></ecl-icon>
                </ecl-link>
                <ul class="ecl-category-filter__list sc-ecl-category-filter-ec">
                  <ecl-category-filter-item label="Item 2.1.1" level="3" path="/example">
                    <!---->
                    <li class="ecl-category-filter__list-item sc-ecl-category-filter-ec">
                      <ecl-link path="/example" style-class="ecl-category-filter__item sc-ecl-category-filter-ec ecl-category-filter__item--level-3 ">
                        Item 2.1.1
                      </ecl-link>
                    </li>
                  </ecl-category-filter-item>
                  <ecl-category-filter-item label="Item 2.1.2 " level="3" path="/example" sub-items="">
                    <!---->
                    <li aria-expanded="false" class="ecl-category-filter__list-item sc-ecl-category-filter-ec">
                      <ecl-link path="/example" style-class="ecl-category-filter__item sc-ecl-category-filter-ec ecl-category-filter__item--level-3  ecl-category-filter__item--has-children">
                        Item 2.1.2
                        <ecl-icon icon="solid-arrow" size="m" slot="icon-before" style-class="ecl-category-filter__item-icon sc-ecl-category-filter-ec" transform="rotate-90"></ecl-icon>
                      </ecl-link>
                      <ul class="ecl-category-filter__list sc-ecl-category-filter-ec">
                        <ecl-category-filter-item label="Item 2.1.2 a" level="4" path="/example">
                          <!---->
                          <li class="ecl-category-filter__list-item sc-ecl-category-filter-ec">
                            <ecl-link path="/example" style-class="ecl-category-filter__item sc-ecl-category-filter-ec ecl-category-filter__item--level-4 ">
                              Item 2.1.2 a
                            </ecl-link>
                          </li>
                        </ecl-category-filter-item>
                        <ecl-category-filter-item label="Item 2.1.2 b" level="4" path="/example">
                          <!---->
                          <li class="ecl-category-filter__list-item sc-ecl-category-filter-ec">
                            <ecl-link path="/example" style-class="ecl-category-filter__item sc-ecl-category-filter-ec ecl-category-filter__item--level-4 ">
                              Item 2.1.2 b
                            </ecl-link>
                          </li>
                        </ecl-category-filter-item>
                        <ecl-category-filter-item label="Item 2.1.2 c" level="4" path="/example">
                          <!---->
                          <li class="ecl-category-filter__list-item sc-ecl-category-filter-ec">
                            <ecl-link path="/example" style-class="ecl-category-filter__item sc-ecl-category-filter-ec ecl-category-filter__item--level-4 ">
                              Item 2.1.2 c
                            </ecl-link>
                          </li>
                        </ecl-category-filter-item>
                      </ul>
                    </li>
                  </ecl-category-filter-item>
                  <ecl-category-filter-item label="Item 2.1.3" level="3" path="/example">
                    <!---->
                    <li class="ecl-category-filter__list-item sc-ecl-category-filter-ec">
                      <ecl-link path="/example" style-class="ecl-category-filter__item sc-ecl-category-filter-ec ecl-category-filter__item--level-3 ">
                        Item 2.1.3
                      </ecl-link>
                    </li>
                  </ecl-category-filter-item>
                  <ecl-category-filter-item label="Item 2.1.4" level="3" path="/example">
                    <!---->
                    <li class="ecl-category-filter__list-item sc-ecl-category-filter-ec">
                      <ecl-link path="/example" style-class="ecl-category-filter__item sc-ecl-category-filter-ec ecl-category-filter__item--level-3 ">
                        Item 2.1.4
                      </ecl-link>
                    </li>
                  </ecl-category-filter-item>
                </ul>
              </li>
            </ecl-category-filter-item>
            <ecl-category-filter-item label="Item 2.2" level="2" path="/example">
              <!---->
              <li class="ecl-category-filter__list-item sc-ecl-category-filter-ec">
                <ecl-link path="/example" style-class="ecl-category-filter__item sc-ecl-category-filter-ec ecl-category-filter__item--level-2 ">
                  Item 2.2
                </ecl-link>
              </li>
            </ecl-category-filter-item>
            <ecl-category-filter-item label="Item 2.3" level="2" path="/example">
              <!---->
              <li class="ecl-category-filter__list-item sc-ecl-category-filter-ec">
                <ecl-link path="/example" style-class="ecl-category-filter__item sc-ecl-category-filter-ec ecl-category-filter__item--level-2 ">
                  Item 2.3
                </ecl-link>
              </li>
            </ecl-category-filter-item>
            <ecl-category-filter-item label="Item 2.4" level="2" path="/example">
              <!---->
              <li class="ecl-category-filter__list-item sc-ecl-category-filter-ec">
                <ecl-link path="/example" style-class="ecl-category-filter__item sc-ecl-category-filter-ec ecl-category-filter__item--level-2 ">
                  Item 2.4
                </ecl-link>
              </li>
            </ecl-category-filter-item>
            <ecl-category-filter-item label="Item 2.5" level="2" path="/example">
              <!---->
              <li class="ecl-category-filter__list-item sc-ecl-category-filter-ec">
                <ecl-link path="/example" style-class="ecl-category-filter__item sc-ecl-category-filter-ec ecl-category-filter__item--level-2 ">
                  Item 2.5
                </ecl-link>
              </li>
            </ecl-category-filter-item>
            <ecl-category-filter-item label="Item 2.6" level="2" path="/example">
              <!---->
              <li class="ecl-category-filter__list-item sc-ecl-category-filter-ec">
                <ecl-link path="/example" style-class="ecl-category-filter__item sc-ecl-category-filter-ec ecl-category-filter__item--level-2 ">
                  Item 2.6
                </ecl-link>
              </li>
            </ecl-category-filter-item>
            <ecl-category-filter-item label="Item 2.7" level="2" path="/example">
              <!---->
              <li class="ecl-category-filter__list-item sc-ecl-category-filter-ec">
                <ecl-link path="/example" style-class="ecl-category-filter__item sc-ecl-category-filter-ec ecl-category-filter__item--level-2 ">
                  Item 2.7
                </ecl-link>
              </li>
            </ecl-category-filter-item>
          </ul>
        </li>
      </ecl-category-filter-item>
      <ecl-category-filter-item label="Item 3 with a very long label" level="1" path="/example" sub-items="">
        <!---->
        <li aria-expanded="false" class="ecl-category-filter__list-item sc-ecl-category-filter-ec">
          <ecl-link path="/example" style-class="ecl-category-filter__item sc-ecl-category-filter-ec ecl-category-filter__item--level-1  ecl-category-filter__item--has-children">
            Item 3 with a very long label
            <ecl-icon icon="corner-arrow" size="xs" slot="icon-after" style-class="ecl-category-filter__item-icon sc-ecl-category-filter-ec" transform="rotate-180"></ecl-icon>
          </ecl-link>
          <ul class="ecl-category-filter__list sc-ecl-category-filter-ec">
            <ecl-category-filter-item label="Item 3.1" level="2" path="/example" sub-items="">
              <!---->
              <li aria-expanded="false" class="ecl-category-filter__list-item sc-ecl-category-filter-ec">
                <ecl-link path="/example" style-class="ecl-category-filter__item sc-ecl-category-filter-ec ecl-category-filter__item--level-2  ecl-category-filter__item--has-children">
                  Item 3.1
                  <ecl-icon icon="solid-arrow" size="m" slot="icon-before" style-class="ecl-category-filter__item-icon sc-ecl-category-filter-ec" transform="rotate-90"></ecl-icon>
                </ecl-link>
                <ul class="ecl-category-filter__list sc-ecl-category-filter-ec">
                  <ecl-category-filter-item label="Item 3.1.1" level="3" path="/example">
                    <!---->
                    <li class="ecl-category-filter__list-item sc-ecl-category-filter-ec">
                      <ecl-link path="/example" style-class="ecl-category-filter__item sc-ecl-category-filter-ec ecl-category-filter__item--level-3 ">
                        Item 3.1.1
                      </ecl-link>
                    </li>
                  </ecl-category-filter-item>
                  <ecl-category-filter-item label="Item 3.1.2" level="3" path="/example" sub-items="">
                    <!---->
                    <li aria-expanded="false" class="ecl-category-filter__list-item sc-ecl-category-filter-ec">
                      <ecl-link path="/example" style-class="ecl-category-filter__item sc-ecl-category-filter-ec ecl-category-filter__item--level-3  ecl-category-filter__item--has-children">
                        Item 3.1.2
                        <ecl-icon icon="solid-arrow" size="m" slot="icon-before" style-class="ecl-category-filter__item-icon sc-ecl-category-filter-ec" transform="rotate-90"></ecl-icon>
                      </ecl-link>
                      <ul class="ecl-category-filter__list sc-ecl-category-filter-ec">
                        <ecl-category-filter-item label="Item 3.1.2 a" level="4" path="/example">
                          <!---->
                          <li class="ecl-category-filter__list-item sc-ecl-category-filter-ec">
                            <ecl-link path="/example" style-class="ecl-category-filter__item sc-ecl-category-filter-ec ecl-category-filter__item--level-4 ">
                              Item 3.1.2 a
                            </ecl-link>
                          </li>
                        </ecl-category-filter-item>
                        <ecl-category-filter-item label="Item 3.1.2 b" level="4" path="/example">
                          <!---->
                          <li class="ecl-category-filter__list-item sc-ecl-category-filter-ec">
                            <ecl-link path="/example" style-class="ecl-category-filter__item sc-ecl-category-filter-ec ecl-category-filter__item--level-4 ">
                              Item 3.1.2 b
                            </ecl-link>
                          </li>
                        </ecl-category-filter-item>
                        <ecl-category-filter-item label="Item 3.1.2 c" level="4" path="/example">
                          <!---->
                          <li class="ecl-category-filter__list-item sc-ecl-category-filter-ec">
                            <ecl-link path="/example" style-class="ecl-category-filter__item sc-ecl-category-filter-ec ecl-category-filter__item--level-4 ">
                              Item 3.1.2 c
                            </ecl-link>
                          </li>
                        </ecl-category-filter-item>
                      </ul>
                    </li>
                  </ecl-category-filter-item>
                  <ecl-category-filter-item label="Item 3.1.3" level="3" path="/example">
                    <!---->
                    <li class="ecl-category-filter__list-item sc-ecl-category-filter-ec">
                      <ecl-link path="/example" style-class="ecl-category-filter__item sc-ecl-category-filter-ec ecl-category-filter__item--level-3 ">
                        Item 3.1.3
                      </ecl-link>
                    </li>
                  </ecl-category-filter-item>
                  <ecl-category-filter-item label="Item 3.1.4" level="3" path="/example">
                    <!---->
                    <li class="ecl-category-filter__list-item sc-ecl-category-filter-ec">
                      <ecl-link path="/example" style-class="ecl-category-filter__item sc-ecl-category-filter-ec ecl-category-filter__item--level-3 ">
                        Item 3.1.4
                      </ecl-link>
                    </li>
                  </ecl-category-filter-item>
                </ul>
              </li>
            </ecl-category-filter-item>
            <ecl-category-filter-item label="Item 3.2" level="2" path="/example">
              <!---->
              <li class="ecl-category-filter__list-item sc-ecl-category-filter-ec">
                <ecl-link path="/example" style-class="ecl-category-filter__item sc-ecl-category-filter-ec ecl-category-filter__item--level-2 ">
                  Item 3.2
                </ecl-link>
              </li>
            </ecl-category-filter-item>
            <ecl-category-filter-item label="Item 3.3" level="2" path="/example">
              <!---->
              <li class="ecl-category-filter__list-item sc-ecl-category-filter-ec">
                <ecl-link path="/example" style-class="ecl-category-filter__item sc-ecl-category-filter-ec ecl-category-filter__item--level-2 ">
                  Item 3.3
                </ecl-link>
              </li>
            </ecl-category-filter-item>
          </ul>
        </li>
      </ecl-category-filter-item>
      <ecl-category-filter-item label="Item 4" level="1" path="/example">
        <!---->
        <li class="ecl-category-filter__list-item sc-ecl-category-filter-ec">
          <ecl-link path="/example" style-class="ecl-category-filter__item sc-ecl-category-filter-ec ecl-category-filter__item--level-1 ">
            Item 4
          </ecl-link>
        </li>
      </ecl-category-filter-item>
    </ul>
  </nav>
</ecl-category-filter>
`;
