// Jest Snapshot v1, https://goo.gl/fbAQLP

exports[`ecl-page-header renders 1`] = `
<ecl-page-header header-title="Page title" image="https://inno-ecl.s3.amazonaws.com/media/examples/example-image2.jpg" meta="Meta info | DD Month YYYY" theme="ec" thumbnail="https://inno-ecl.s3.amazonaws.com/media/examples/example-image2.jpg" thumbnail-alt="Eu map" variant="negative">
  <!---->
  <div class="ecl-page-header ecl-page-header--image ecl-page-header--negative">
    <ecl-picture image="https://inno-ecl.s3.amazonaws.com/media/examples/example-image2.jpg" imgclass="ecl-page-header__background sc-ecl-page-header-ec" styleclass="ecl-page-header__picture-background sc-ecl-page-header-ec"></ecl-picture>
    <div class="ecl-container">
      <ecl-breadcrumb ecl-script="" slot="breadcrumb" theme="ec" variant="negative">
        <!---->
        <nav class="ecl-breadcrumb ecl-breadcrumb--negative ecl-page-header__breadcrumb sc-ecl-page-header-ec" data-ecl-breadcrumb>
          <ol class="ecl-breadcrumb__container sc-ecl-page-header-ec">
            <li class="ecl-breadcrumb__segment sc-ecl-breadcrumb-ec sc-ecl-page-header-ec" data-ecl-breadcrumb-item="static">
              <ecl-link path="/example" style-class="sc-ecl-breadcrumb-ec ecl-breadcrumb__link ecl-link--no-visited ecl-link--negative" variant="standalone">
                <ecl-icon icon="corner-arrow" size="2xs" slot="icon-after" style-class="ecl-breadcrumb__icon sc-ecl-breadcrumb-ec" transform="rotate-90"></ecl-icon>
                Home
              </ecl-link>
            </li>
            <li class="ecl-breadcrumb__segment ecl-breadcrumb__segment--ellipsis sc-ecl-breadcrumb-ec sc-ecl-page-header-ec" data-ecl-breadcrumb-ellipsis="data-ecl-breadcrumb-ellipsis" data-ecl-breadcrumb-item="static">
              <ecl-button aria-label="Click to expand" data-ecl-breadcrumb-ellipsis-button style-class="ecl-breadcrumb__ellipsis sc-ecl-breadcrumb-ec" variant="ghost">
                ...
                <ecl-icon icon="corner-arrow" size="2xs" slot="icon-after" style-class="ecl-breadcrumb__icon sc-ecl-breadcrumb-ec" transform="rotate-90"></ecl-icon>
              </ecl-button>
            </li>
            <li class="ecl-breadcrumb__segment sc-ecl-breadcrumb-ec sc-ecl-page-header-ec" data-ecl-breadcrumb-item="expandable">
              <ecl-link path="/example" style-class="sc-ecl-breadcrumb-ec ecl-breadcrumb__link ecl-link--no-visited ecl-link--negative" variant="standalone">
                <ecl-icon icon="corner-arrow" size="2xs" slot="icon-after" style-class="ecl-breadcrumb__icon sc-ecl-breadcrumb-ec" transform="rotate-90"></ecl-icon>
                About the European Commission
              </ecl-link>
            </li>
            <li class="ecl-breadcrumb__segment sc-ecl-breadcrumb-ec sc-ecl-page-header-ec" data-ecl-breadcrumb-item="expandable">
              <ecl-link path="/example" style-class="sc-ecl-breadcrumb-ec ecl-breadcrumb__link ecl-link--no-visited ecl-link--negative" variant="standalone">
                <ecl-icon icon="corner-arrow" size="2xs" slot="icon-after" style-class="ecl-breadcrumb__icon sc-ecl-breadcrumb-ec" transform="rotate-90"></ecl-icon>
                Organisational structure
              </ecl-link>
            </li>
            <li class="ecl-breadcrumb__segment sc-ecl-breadcrumb-ec sc-ecl-page-header-ec" data-ecl-breadcrumb-item="static">
              <ecl-link path="/example" style-class="sc-ecl-breadcrumb-ec ecl-breadcrumb__link ecl-link--no-visited ecl-link--negative" variant="standalone">
                <ecl-icon icon="corner-arrow" size="2xs" slot="icon-after" style-class="ecl-breadcrumb__icon sc-ecl-breadcrumb-ec" transform="rotate-90"></ecl-icon>
                How the Commission is organised
              </ecl-link>
            </li>
            <li class="ecl-breadcrumb__current-page ecl-breadcrumb__segment sc-ecl-breadcrumb-ec sc-ecl-page-header-ec" data-ecl-breadcrumb-item="static">
              News
            </li>
          </ol>
        </nav>
      </ecl-breadcrumb>
      <div class="ecl-page-header__meta">
        <span class="ecl-page-header__meta-item">
          Meta info | DD Month YYYY
        </span>
      </div>
      <div class="ecl-page-header__title-container">
        <h1 class="ecl-page-header__title">
          Page title
        </h1>
      </div>
      <div class="ecl-page-header__description-container">
        <img alt="Eu map" class="ecl-page-header__description-thumbnail" src="https://inno-ecl.s3.amazonaws.com/media/examples/example-image2.jpg">
        <p class="ecl-page-header__description">
          Lorem ipsum dolor sit amet,
          <a class="ecl-link" href="/example">
            consectetur adipiscing elit
          </a>
          . Quisque nec ullamcorper mi. Morbi interdum fermentum tempus. Nam nec rhoncus risus,
          <a class="ecl-link" href="/example">
            eget dictum elit
          </a>
          . Vestibulum gravida tincidunt venenatis
        </p>
      </div>
    </div>
  </div>
</ecl-page-header>
`;
