// Jest Snapshot v1, https://goo.gl/fbAQLP

exports[`ecl-news-ticker renders 1`] = `
<ecl-news-ticker counter-label="of" ecl-script="" items-length="6" sr-next="Next item" sr-pause="Pause news ticker" sr-prev="Prev item" theme="ec">
  <!---->
  <div class="ecl-news-ticker">
    <div class="ecl-news-ticker__container">
      <ecl-icon icon="information" size="m" style-class="ecl-news-ticker__icon sc-ecl-news-ticker-ec"></ecl-icon>
      <div class="ecl-news-ticker__content">
        <ul class="ecl-news-ticker__slides"></ul>
      </div>
    </div>
    <div class="ecl-news-ticker__controls">
      <div class="ecl-news-ticker__counter">
        <span class="ecl-news-ticker__counter--current">
          1
        </span>
        of
        <span class="ecl-news-ticker__counter--max"></span>
      </div>
    </div>
  </div>
</ecl-news-ticker>
`;
