// Jest Snapshot v1, https://goo.gl/fbAQLP

exports[`ecl-card renders 1`] = `
<ecl-card image="https://inno-ecl.s3.amazonaws.com/media/examples/example-image.jpg" image-alt="Image alternative" theme="ec">
  <!---->
  <article class="ecl-card">
    <ecl-picture image="https://inno-ecl.s3.amazonaws.com/media/examples/example-image.jpg" imagealt="Image alternative" imgclass="ecl-card__image sc-ecl-card-ec" styleclass="ecl-card__picture sc-ecl-picture-ec"></ecl-picture>
    <div class="ecl-card__body">
      <ecl-content-block has-description="" has-labels="" has-title="" meta-primary="[&quot;META1&quot;, &quot;Meta2&quot;]" meta-secondary="[{&quot;label&quot;: &quot;2018/10/22&quot;, &quot;icon&quot;: &quot;calendar&quot;}, {&quot;label&quot;: &quot;Luxembourg&quot;, &quot;icon&quot;: &quot;location&quot;}]" theme="ec">
        <!---->
        <div class="ecl-content-block">
          <ul class="ecl-content-block__label-container">
            <li class="ecl-content-block__label-item sc-ecl-content-block-ec">
              <span class="ecl-label ecl-label--highlight sc-ecl-content-block-ec">
                Highlighted
              </span>
            </li>
            <li class="ecl-content-block__label-item sc-ecl-content-block-ec">
              <span class="ecl-label ecl-label--high sc-ecl-content-block-ec">
                Call status: Upcoming
              </span>
            </li>
          </ul>
          <ul class="ecl-content-block__primary-meta-container">
            <li class="ecl-content-block__primary-meta-item">
              META1
            </li>
            <li class="ecl-content-block__primary-meta-item">
              Meta2
            </li>
          </ul>
          <h1 class="ecl-content-block__title"></h1>
          <div class="ecl-content-block__description">
            <p slot="description">
              Transparently designing and evaluating evidence-based EU legislation, backed by citizens views.
            </p>
          </div>
          <ul class="ecl-content-block__secondary-meta-container">
            <li class="ecl-content-block__secondary-meta-item">
              <ecl-icon icon="calendar" size="s" style-class="ecl-content-block__secondary-meta-icon sc-ecl-content-block-ec" theme="ec"></ecl-icon>
              <span class="ecl-content-block__secondary-meta-label">
                2018/10/22
              </span>
            </li>
            <li class="ecl-content-block__secondary-meta-item">
              <ecl-icon icon="location" size="s" style-class="ecl-content-block__secondary-meta-icon sc-ecl-content-block-ec" theme="ec"></ecl-icon>
              <span class="ecl-content-block__secondary-meta-label">
                Luxembourg
              </span>
            </li>
          </ul>
        </div>
      </ecl-content-block>
    </div>
  </article>
</ecl-card>
`;
