// Jest Snapshot v1, https://goo.gl/fbAQLP

exports[`ecl-message renders 1`] = `
<ecl-message close-label="Close" ecl-script="" message-title="Title for a message" theme="ec" variant="information" with-utils="">
  <!---->
  <div class="ecl-message ecl-message--info" data-ecl-message role="alert">
    <ecl-icon style-class="ecl-message__icon sc-ecl-message-ec">
      <svg class="ecl-icon ecl-icon--l ecl-message__icon sc-ecl-message-ec">
        <use xlink:href="/build/images/ec/icons.svg#information"></use>
      </svg>
    </ecl-icon>
    <div class="ecl-message__content">
      <ecl-button data-ecl-message-close style-class="ecl-message__close sc-ecl-message-ec">
        <!---->
        <button class="ecl-button ecl-button--ghost ecl-message__close sc-ecl-message-ec" data-ecl-message-close type="button">
          <span class="ecl-button__container">
            <span class="ecl-button__label">
              Close
            </span>
            <ecl-icon slot="icon-after" style-class="ecl-button__icon ecl-button__icon--after">
              <svg class="ecl-button__icon ecl-button__icon--after ecl-icon ecl-icon--xs sc-ecl-button-ec">
                <use xlink:href="/build/images/ec/icons.svg#close-filled"></use>
              </svg>
            </ecl-icon>
          </span>
        </button>
      </ecl-button>
      <div class="ecl-message__title">
        Title for a message
      </div>
      <div class="ecl-message__description">
        Lorem ipsum dolor sit amet
      </div>
    </div>
  </div>
</ecl-message>
`;
