// Jest Snapshot v1, https://goo.gl/fbAQLP

exports[`ecl-button renders 1`] = `
<ecl-button class="ecl-button ecl-button--primary" data-ecl-button-icon theme="ec" type="primary">
  <!---->
  <span class="ecl-button__container">
    <ecl-icon icon="corner-arrow" path="/icons.svg" slot="icon-before" style-class="ecl-button__icon ecl-button__icon--before" transform="rotate-90">
      <svg class="ecl-button__icon ecl-button__icon--before ecl-icon ecl-icon--rotate-90 ecl-icon--xs">
        <use xlink:href="/build/images/ec/icons.svg#corner-arrow"></use>
      </svg>
    </ecl-icon>
    <span class="ecl-button__label">
    </span>
  </span>
</ecl-button>
`;
